******************************************************************************
                  TI ARM Linker PC v20.2.1                     
******************************************************************************
>> Linked Sat Jan 16 14:11:19 2021

OUTPUT FILE NAME:   <Demo.out>
ENTRY POINT SYMBOL: "_c_int00_noinit_noargs"  address: 00000651


MEMORY CONFIGURATION

         name            origin    length      used     unused   attr    fill
----------------------  --------  ---------  --------  --------  ----  --------
  FLASH                 00000000   00040000  00000798  0003f868  R  X
  SRAM                  20000000   00008000  00000200  00007e00  RW X


SEGMENT ALLOCATION MAP

run origin  load origin   length   init length attrs members
----------  ----------- ---------- ----------- ----- -------
00000000    00000000    00000798   00000798    r-x
  00000000    00000000    0000026c   0000026c    r-- .intvecs
  0000026c    0000026c    00000430   00000430    r-x .text
  0000069c    0000069c    000000fc   000000fc    r-- .const
20000000    20000000    00000200   00000000    rw-
  20000000    20000000    00000200   00000000    rw- .stack


SECTION ALLOCATION MAP

 output                                  attributes/
section   page    origin      length       input sections
--------  ----  ----------  ----------   ----------------
.intvecs   0    00000000    0000026c     
                  00000000    0000026c     tm4c123gh6pm_startup_ccs.obj (.intvecs)

.text      0    0000026c    00000430     
                  0000026c    0000018c     main.obj (.text)
                  000003f8    00000118     driverlib.lib : sysctl.obj (.text:SysCtlClockGet)
                  00000510    000000f4                   : sysctl.obj (.text:SysCtlClockSet)
                  00000604    0000004c                   : gpio.obj (.text:GPIOPinConfigure)
                  00000650    0000002c     rtsv7M4_T_le_v4SPD16_eabi.lib : boot_cortex_m.c.obj (.text:_c_int00_noinit_noargs:_c_int00_noinit_noargs)
                  0000067c    0000000c     tm4c123gh6pm_startup_ccs.obj (.text)
                  00000688    00000006     driverlib.lib : gpio.obj (.text:GPIOPinWrite)
                  0000068e    00000006                   : sysctl.obj (.text:SysCtlDelay)
                  00000694    00000004     rtsv7M4_T_le_v4SPD16_eabi.lib : pre_init.c.obj (.text:_system_pre_init)
                  00000698    00000004                                   : exit.c.obj (.text:abort:abort)

.const     0    0000069c    000000fc     
                  0000069c    00000090     driverlib.lib : gpio.obj (.const:g_pui32GPIOBaseAddrs)
                  0000072c    0000006c                   : sysctl.obj (.const:g_pui32Xtals)

.cinit     0    00000000    00000000     UNINITIALIZED

.init_array 
*          0    00000000    00000000     UNINITIALIZED

.stack     0    20000000    00000200     UNINITIALIZED
                  20000000    00000004     rtsv7M4_T_le_v4SPD16_eabi.lib : boot_cortex_m.c.obj (.stack)
                  20000004    000001fc     --HOLE--

__llvm_prf_cnts 
*          0    20000000    00000000     UNINITIALIZED

MODULE SUMMARY

       Module                         code   ro data   rw data
       ------                         ----   -------   -------
    .\
       tm4c123gh6pm_startup_ccs.obj   12     620       0      
       main.obj                       396    0         0      
    +--+------------------------------+------+---------+---------+
       Total:                         408    620       0      
                                                              
    D:/ti/TivaWare_C_Series-2.2.0.295/driverlib/ccs/Debug/driverlib.lib
       sysctl.obj                     530    108       0      
       gpio.obj                       82     144       0      
    +--+------------------------------+------+---------+---------+
       Total:                         612    252       0      
                                                              
    D:\ti\ccs1011\ccs\tools\compiler\ti-cgt-arm_20.2.1.LTS\lib\rtsv7M4_T_le_v4SPD16_eabi.lib
       boot_cortex_m.c.obj            44     0         0      
       exit.c.obj                     4      0         0      
       pre_init.c.obj                 4      0         0      
    +--+------------------------------+------+---------+---------+
       Total:                         52     0         0      
                                                              
       Stack:                         0      0         512    
    +--+------------------------------+------+---------+---------+
       Grand Total:                   1072   872       512    


GLOBAL SYMBOLS: SORTED ALPHABETICALLY BY Name 

address   name                   
-------   ----                   
00000699  C$$EXIT                
00000605  GPIOPinConfigure       
00000689  GPIOPinWrite           
0000067d  ResetISR               
000003f9  SysCtlClockGet         
00000511  SysCtlClockSet         
0000068f  SysCtlDelay            
0000026d  UARTIntHandler         
000002dd  UARTSend               
20000200  __STACK_END            
00000200  __STACK_SIZE           
20000200  __STACK_TOP            
ffffffff  __TI_pprof_out_hndl    
ffffffff  __TI_prof_data_size    
ffffffff  __TI_prof_data_start   
00000000  __TI_static_base__     
ffffffff  __binit__              
ffffffff  __c_args__             
UNDEFED   __mpu_init             
20000000  __stack                
20000000  __start___llvm_prf_cnts
20000000  __stop___llvm_prf_cnts 
00000651  _c_int00_noinit_noargs 
00000695  _system_pre_init       
00000699  abort                  
ffffffff  binit                  
00000000  g_pfnVectors           
0000030b  main                   


GLOBAL SYMBOLS: SORTED BY Symbol Address 

address   name                   
-------   ----                   
00000000  __TI_static_base__     
00000000  g_pfnVectors           
00000200  __STACK_SIZE           
0000026d  UARTIntHandler         
000002dd  UARTSend               
0000030b  main                   
000003f9  SysCtlClockGet         
00000511  SysCtlClockSet         
00000605  GPIOPinConfigure       
00000651  _c_int00_noinit_noargs 
0000067d  ResetISR               
00000689  GPIOPinWrite           
0000068f  SysCtlDelay            
00000695  _system_pre_init       
00000699  C$$EXIT                
00000699  abort                  
20000000  __stack                
20000000  __start___llvm_prf_cnts
20000000  __stop___llvm_prf_cnts 
20000200  __STACK_END            
20000200  __STACK_TOP            
ffffffff  __TI_pprof_out_hndl    
ffffffff  __TI_prof_data_size    
ffffffff  __TI_prof_data_start   
ffffffff  __binit__              
ffffffff  __c_args__             
ffffffff  binit                  
UNDEFED   __mpu_init             

[28 symbols]
