******************************************************************************
                  TI ARM Linker PC v20.2.1                     
******************************************************************************
>> Linked Tue Jan 19 14:15:19 2021

OUTPUT FILE NAME:   <UART_TEST3.out>
ENTRY POINT SYMBOL: "_c_int00_noinit_noargs"  address: 000007e1


MEMORY CONFIGURATION

         name            origin    length      used     unused   attr    fill
----------------------  --------  ---------  --------  --------  ----  --------
  FLASH                 00000000   00040000  00000820  0003f7e0  R  X
  SRAM                  20000000   00008000  00000200  00007e00  RW X


SEGMENT ALLOCATION MAP

run origin  load origin   length   init length attrs members
----------  ----------- ---------- ----------- ----- -------
00000000    00000000    00000820   00000820    r-x
  00000000    00000000    0000026c   0000026c    r-- .intvecs
  0000026c    0000026c    000005b4   000005b4    r-x .text
20000000    20000000    00000200   00000000    rw-
  20000000    20000000    00000200   00000000    rw- .stack


SECTION ALLOCATION MAP

 output                                  attributes/
section   page    origin      length       input sections
--------  ----  ----------  ----------   ----------------
.intvecs   0    00000000    0000026c     
                  00000000    0000026c     tm4c123gh6pm_startup_ccs.obj (.intvecs)

.text      0    0000026c    000005b4     
                  0000026c    000004b0     UART.obj (.text)
                  0000071c    0000007c     PLL.obj (.text)
                  00000798    00000048     UARTTestMain.obj (.text)
                  000007e0    0000002c     rtsv7M4_T_le_v4SPD16_eabi.lib : boot_cortex_m.c.obj (.text:_c_int00_noinit_noargs:_c_int00_noinit_noargs)
                  0000080c    0000000c     tm4c123gh6pm_startup_ccs.obj (.text)
                  00000818    00000004     rtsv7M4_T_le_v4SPD16_eabi.lib : pre_init.c.obj (.text:_system_pre_init)
                  0000081c    00000004                                   : exit.c.obj (.text:abort:abort)

.cinit     0    00000000    00000000     UNINITIALIZED

.init_array 
*          0    00000000    00000000     UNINITIALIZED

.stack     0    20000000    00000200     UNINITIALIZED
                  20000000    00000004     rtsv7M4_T_le_v4SPD16_eabi.lib : boot_cortex_m.c.obj (.stack)
                  20000004    000001fc     --HOLE--

__llvm_prf_cnts 
*          0    20000000    00000000     UNINITIALIZED

MODULE SUMMARY

       Module                         code   ro data   rw data
       ------                         ----   -------   -------
    .\
       UART.obj                       1200   0         0      
       tm4c123gh6pm_startup_ccs.obj   12     620       0      
       PLL.obj                        124    0         0      
       UARTTestMain.obj               72     0         0      
    +--+------------------------------+------+---------+---------+
       Total:                         1408   620       0      
                                                              
    D:\ti\ccs1011\ccs\tools\compiler\ti-cgt-arm_20.2.1.LTS\lib\rtsv7M4_T_le_v4SPD16_eabi.lib
       boot_cortex_m.c.obj            44     0         0      
       exit.c.obj                     4      0         0      
       pre_init.c.obj                 4      0         0      
    +--+------------------------------+------+---------+---------+
       Total:                         52     0         0      
                                                              
       Stack:                         0      0         512    
    +--+------------------------------+------+---------+---------+
       Grand Total:                   1460   620       512    


GLOBAL SYMBOLS: SORTED ALPHABETICALLY BY Name 

address   name                   
-------   ----                   
0000081d  C$$EXIT                
00000799  OutCRLF                
0000071d  PLL_Init               
0000080d  ResetISR               
000003b1  UART5_InChar           
000003c5  UART5_InString         
00000395  UART5_OutChar          
00000371  UART5_OutString        
00000355  UART5_Receiver         
00000339  UART5_Transmitter      
0000043f  UART_InChar            
00000699  UART_InString          
0000048d  UART_InUDec            
00000599  UART_InUHex            
0000026d  UART_Init              
00000453  UART_OutChar           
0000046f  UART_OutString         
00000511  UART_OutUDec           
0000065d  UART_OutUHex           
20000200  __STACK_END            
00000200  __STACK_SIZE           
20000200  __STACK_TOP            
ffffffff  __TI_pprof_out_hndl    
ffffffff  __TI_prof_data_size    
ffffffff  __TI_prof_data_start   
00000000  __TI_static_base__     
ffffffff  __binit__              
ffffffff  __c_args__             
UNDEFED   __mpu_init             
20000000  __stack                
20000000  __start___llvm_prf_cnts
20000000  __stop___llvm_prf_cnts 
000007e1  _c_int00_noinit_noargs 
00000819  _system_pre_init       
0000081d  abort                  
ffffffff  binit                  
00000000  g_pfnVectors           
000007a9  main                   


GLOBAL SYMBOLS: SORTED BY Symbol Address 

address   name                   
-------   ----                   
00000000  __TI_static_base__     
00000000  g_pfnVectors           
00000200  __STACK_SIZE           
0000026d  UART_Init              
00000339  UART5_Transmitter      
00000355  UART5_Receiver         
00000371  UART5_OutString        
00000395  UART5_OutChar          
000003b1  UART5_InChar           
000003c5  UART5_InString         
0000043f  UART_InChar            
00000453  UART_OutChar           
0000046f  UART_OutString         
0000048d  UART_InUDec            
00000511  UART_OutUDec           
00000599  UART_InUHex            
0000065d  UART_OutUHex           
00000699  UART_InString          
0000071d  PLL_Init               
00000799  OutCRLF                
000007a9  main                   
000007e1  _c_int00_noinit_noargs 
0000080d  ResetISR               
00000819  _system_pre_init       
0000081d  C$$EXIT                
0000081d  abort                  
20000000  __stack                
20000000  __start___llvm_prf_cnts
20000000  __stop___llvm_prf_cnts 
20000200  __STACK_END            
20000200  __STACK_TOP            
ffffffff  __TI_pprof_out_hndl    
ffffffff  __TI_prof_data_size    
ffffffff  __TI_prof_data_start   
ffffffff  __binit__              
ffffffff  __c_args__             
ffffffff  binit                  
UNDEFED   __mpu_init             

[38 symbols]
