******************************************************************************
                  TI ARM Linker PC v20.2.1                     
******************************************************************************
>> Linked Thu Jan 21 21:48:39 2021

OUTPUT FILE NAME:   <UART_CRC.out>
ENTRY POINT SYMBOL: "_c_int00_noargs"  address: 00000a6d


MEMORY CONFIGURATION

         name            origin    length      used     unused   attr    fill
----------------------  --------  ---------  --------  --------  ----  --------
  FLASH                 00000000   00040000  00000af8  0003f508  R  X
  SRAM                  20000000   00008000  00000400  00007c00  RW X


SEGMENT ALLOCATION MAP

run origin  load origin   length   init length attrs members
----------  ----------- ---------- ----------- ----- -------
00000000    00000000    00000afc   00000afc    r-x
  00000000    00000000    0000026c   0000026c    r-- .intvecs
  0000026c    0000026c    00000878   00000878    r-x .text
  00000ae8    00000ae8    00000014   00000014    r-- .cinit
20000000    20000000    00000400   00000000    rw-
  20000000    20000000    00000200   00000000    rw- .bss
  20000200    20000200    00000200   00000000    rw- .stack


SECTION ALLOCATION MAP

 output                                  attributes/
section   page    origin      length       input sections
--------  ----  ----------  ----------   ----------------
.intvecs   0    00000000    0000026c     
                  00000000    0000026c     tm4c123gh6pm_startup_ccs.obj (.intvecs)

.text      0    0000026c    00000878     
                  0000026c    0000057a     UART.obj (.text)
                  000007e6    00000002     --HOLE-- [fill = 0]
                  000007e8    00000160     crc.obj (.text)
                  00000948    0000007c     PLL.obj (.text)
                  000009c4    00000064     UART_Tx.obj (.text)
                  00000a28    00000044     rtsv7M4_T_le_v4SPD16_eabi.lib : autoinit.c.obj (.text:__TI_auto_init_nobinit_nopinit:__TI_auto_init_nobinit_nopinit)
                  00000a6c    00000034                                   : boot_cortex_m.c.obj (.text:_c_int00_noargs:_c_int00_noargs)
                  00000aa0    0000001c                                   : copy_zero_init.c.obj (.text:decompress:ZI:__TI_zero_init_nomemset:__TI_zero_init_nomemset)
                  00000abc    00000014                                   : strlen.c.obj (.text:strlen)
                  00000ad0    0000000c     tm4c123gh6pm_startup_ccs.obj (.text)
                  00000adc    00000004     rtsv7M4_T_le_v4SPD16_eabi.lib : pre_init.c.obj (.text:_system_pre_init)
                  00000ae0    00000004                                   : exit.c.obj (.text:abort:abort)

.cinit     0    00000ae8    00000014     
                  00000ae8    00000008     (.cinit..bss.load) [load image, compression = zero_init]
                  00000af0    00000004     (__TI_handler_table)
                  00000af4    00000008     (__TI_cinit_table)

.init_array 
*          0    00000000    00000000     UNINITIALIZED

.bss       0    20000000    00000200     UNINITIALIZED
                  20000000    00000200     (.common:crcTable)

.stack     0    20000200    00000200     UNINITIALIZED
                  20000200    00000004     rtsv7M4_T_le_v4SPD16_eabi.lib : boot_cortex_m.c.obj (.stack)
                  20000204    000001fc     --HOLE--

__llvm_prf_cnts 
*          0    20000000    00000000     UNINITIALIZED

MODULE SUMMARY

       Module                         code   ro data   rw data
       ------                         ----   -------   -------
    .\
       UART.obj                       1402   0         0      
       crc.obj                        352    0         512    
       tm4c123gh6pm_startup_ccs.obj   12     620       0      
       PLL.obj                        124    0         0      
       UART_Tx.obj                    100    0         0      
    +--+------------------------------+------+---------+---------+
       Total:                         1990   620       512    
                                                              
    D:\ti\ccs1011\ccs\tools\compiler\ti-cgt-arm_20.2.1.LTS\lib\rtsv7M4_T_le_v4SPD16_eabi.lib
       autoinit.c.obj                 68     0         0      
       boot_cortex_m.c.obj            52     0         0      
       copy_zero_init.c.obj           28     0         0      
       strlen.c.obj                   20     0         0      
       exit.c.obj                     4      0         0      
       pre_init.c.obj                 4      0         0      
    +--+------------------------------+------+---------+---------+
       Total:                         176    0         0      
                                                              
       Stack:                         0      0         512    
       Linker Generated:              0      20        0      
    +--+------------------------------+------+---------+---------+
       Grand Total:                   2166   640       1024   


LINKER GENERATED COPY TABLES

__TI_cinit_table @ 00000af4 records: 1, size/record: 8, table size: 8
	.bss: load addr=00000ae8, load size=00000008 bytes, run addr=20000000, run size=00000200 bytes, compression=zero_init


LINKER GENERATED HANDLER TABLE

__TI_handler_table @ 00000af0 records: 1, size/record: 4, table size: 4
	index: 0, handler: __TI_zero_init


GLOBAL SYMBOLS: SORTED ALPHABETICALLY BY Name 

address   name                          
-------   ----                          
00000ae1  C$$EXIT                       
000009c5  OutCRLF                       
00000949  PLL_Init                      
00000ad1  ResetISR                      
000003a7  UART5_FinalOutUHex            
00000451  UART5_InChar                  
00000465  UART5_InString                
00000435  UART5_OutChar                 
00000411  UART5_OutString               
000003b9  UART5_OutUHex                 
000003f5  UART5_Transmitter             
000004df  UART_InChar                   
0000076d  UART_InString                 
0000057d  UART_InUDec                   
00000665  UART_InUHex                   
0000026d  UART_Init                     
000004f3  UART_OutChar                  
0000050f  UART_OutString                
00000621  UART_OutUDec                  
00000729  UART_OutUHex                  
20000400  __STACK_END                   
00000200  __STACK_SIZE                  
20000400  __STACK_TOP                   
00000af4  __TI_CINIT_Base               
00000afc  __TI_CINIT_Limit              
00000af0  __TI_Handler_Table_Base       
00000af4  __TI_Handler_Table_Limit      
00000a29  __TI_auto_init_nobinit_nopinit
ffffffff  __TI_pprof_out_hndl           
ffffffff  __TI_prof_data_size           
ffffffff  __TI_prof_data_start          
00000000  __TI_static_base__            
00000aa1  __TI_zero_init_nomemset       
ffffffff  __binit__                     
ffffffff  __c_args__                    
UNDEFED   __mpu_init                    
20000200  __stack                       
20000000  __start___llvm_prf_cnts       
20000000  __stop___llvm_prf_cnts        
00000a6d  _c_int00_noargs               
UNDEFED   _system_post_cinit            
00000add  _system_pre_init              
00000ae1  abort                         
ffffffff  binit                         
000008eb  crcFast                       
00000871  crcInit                       
000007e9  crcSlow                       
20000000  crcTable                      
00000339  encapsulation                 
00000000  g_pfnVectors                  
000009d5  main                          
00000abd  strlen                        


GLOBAL SYMBOLS: SORTED BY Symbol Address 

address   name                          
-------   ----                          
00000000  __TI_static_base__            
00000000  g_pfnVectors                  
00000200  __STACK_SIZE                  
0000026d  UART_Init                     
00000339  encapsulation                 
000003a7  UART5_FinalOutUHex            
000003b9  UART5_OutUHex                 
000003f5  UART5_Transmitter             
00000411  UART5_OutString               
00000435  UART5_OutChar                 
00000451  UART5_InChar                  
00000465  UART5_InString                
000004df  UART_InChar                   
000004f3  UART_OutChar                  
0000050f  UART_OutString                
0000057d  UART_InUDec                   
00000621  UART_OutUDec                  
00000665  UART_InUHex                   
00000729  UART_OutUHex                  
0000076d  UART_InString                 
000007e9  crcSlow                       
00000871  crcInit                       
000008eb  crcFast                       
00000949  PLL_Init                      
000009c5  OutCRLF                       
000009d5  main                          
00000a29  __TI_auto_init_nobinit_nopinit
00000a6d  _c_int00_noargs               
00000aa1  __TI_zero_init_nomemset       
00000abd  strlen                        
00000ad1  ResetISR                      
00000add  _system_pre_init              
00000ae1  C$$EXIT                       
00000ae1  abort                         
00000af0  __TI_Handler_Table_Base       
00000af4  __TI_CINIT_Base               
00000af4  __TI_Handler_Table_Limit      
00000afc  __TI_CINIT_Limit              
20000000  __start___llvm_prf_cnts       
20000000  __stop___llvm_prf_cnts        
20000000  crcTable                      
20000200  __stack                       
20000400  __STACK_END                   
20000400  __STACK_TOP                   
ffffffff  __TI_pprof_out_hndl           
ffffffff  __TI_prof_data_size           
ffffffff  __TI_prof_data_start          
ffffffff  __binit__                     
ffffffff  __c_args__                    
ffffffff  binit                         
UNDEFED   __mpu_init                    
UNDEFED   _system_post_cinit            

[52 symbols]
