******************************************************************************
                  TI ARM Linker PC v20.2.1                     
******************************************************************************
>> Linked Fri Jan 22 17:23:06 2021

OUTPUT FILE NAME:   <UART_Transmitter.out>
ENTRY POINT SYMBOL: "_c_int00_noargs"  address: 00000aa1


MEMORY CONFIGURATION

         name            origin    length      used     unused   attr    fill
----------------------  --------  ---------  --------  --------  ----  --------
  FLASH                 00000000   00040000  00000b2c  0003f4d4  R  X
  SRAM                  20000000   00008000  00000400  00007c00  RW X


SEGMENT ALLOCATION MAP

run origin  load origin   length   init length attrs members
----------  ----------- ---------- ----------- ----- -------
00000000    00000000    00000b2c   00000b2c    r-x
  00000000    00000000    0000026c   0000026c    r-- .intvecs
  0000026c    0000026c    000008ac   000008ac    r-x .text
  00000b18    00000b18    00000014   00000014    r-- .cinit
20000000    20000000    00000400   00000000    rw-
  20000000    20000000    00000200   00000000    rw- .bss
  20000200    20000200    00000200   00000000    rw- .stack


SECTION ALLOCATION MAP

 output                                  attributes/
section   page    origin      length       input sections
--------  ----  ----------  ----------   ----------------
.intvecs   0    00000000    0000026c     
                  00000000    0000026c     tm4c123gh6pm_startup_ccs.obj (.intvecs)

.text      0    0000026c    000008ac     
                  0000026c    000005ae     UART.obj (.text)
                  0000081a    00000002     --HOLE-- [fill = 0]
                  0000081c    00000160     crc.obj (.text)
                  0000097c    0000007c     PLL.obj (.text)
                  000009f8    00000064     UART_Tx.obj (.text)
                  00000a5c    00000044     rtsv7M4_T_le_v4SPD16_eabi.lib : autoinit.c.obj (.text:__TI_auto_init_nobinit_nopinit:__TI_auto_init_nobinit_nopinit)
                  00000aa0    00000034                                   : boot_cortex_m.c.obj (.text:_c_int00_noargs:_c_int00_noargs)
                  00000ad4    0000001c                                   : copy_zero_init.c.obj (.text:decompress:ZI:__TI_zero_init_nomemset:__TI_zero_init_nomemset)
                  00000af0    00000014                                   : strlen.c.obj (.text:strlen)
                  00000b04    0000000c     tm4c123gh6pm_startup_ccs.obj (.text)
                  00000b10    00000004     rtsv7M4_T_le_v4SPD16_eabi.lib : pre_init.c.obj (.text:_system_pre_init)
                  00000b14    00000004                                   : exit.c.obj (.text:abort:abort)

.cinit     0    00000b18    00000014     
                  00000b18    00000008     (.cinit..bss.load) [load image, compression = zero_init]
                  00000b20    00000004     (__TI_handler_table)
                  00000b24    00000008     (__TI_cinit_table)

.init_array 
*          0    00000000    00000000     UNINITIALIZED

.bss       0    20000000    00000200     UNINITIALIZED
                  20000000    00000200     (.common:crcTable)

.stack     0    20000200    00000200     UNINITIALIZED
                  20000200    00000004     rtsv7M4_T_le_v4SPD16_eabi.lib : boot_cortex_m.c.obj (.stack)
                  20000204    000001fc     --HOLE--

__llvm_prf_cnts 
*          0    20000000    00000000     UNINITIALIZED

MODULE SUMMARY

       Module                         code   ro data   rw data
       ------                         ----   -------   -------
    .\
       UART.obj                       1454   0         0      
       crc.obj                        352    0         512    
       tm4c123gh6pm_startup_ccs.obj   12     620       0      
       PLL.obj                        124    0         0      
       UART_Tx.obj                    100    0         0      
    +--+------------------------------+------+---------+---------+
       Total:                         2042   620       512    
                                                              
    D:\ti\ccs1011\ccs\tools\compiler\ti-cgt-arm_20.2.1.LTS\lib\rtsv7M4_T_le_v4SPD16_eabi.lib
       autoinit.c.obj                 68     0         0      
       boot_cortex_m.c.obj            52     0         0      
       copy_zero_init.c.obj           28     0         0      
       strlen.c.obj                   20     0         0      
       exit.c.obj                     4      0         0      
       pre_init.c.obj                 4      0         0      
    +--+------------------------------+------+---------+---------+
       Total:                         176    0         0      
                                                              
       Stack:                         0      0         512    
       Linker Generated:              0      20        0      
    +--+------------------------------+------+---------+---------+
       Grand Total:                   2218   640       1024   


LINKER GENERATED COPY TABLES

__TI_cinit_table @ 00000b24 records: 1, size/record: 8, table size: 8
	.bss: load addr=00000b18, load size=00000008 bytes, run addr=20000000, run size=00000200 bytes, compression=zero_init


LINKER GENERATED HANDLER TABLE

__TI_handler_table @ 00000b20 records: 1, size/record: 4, table size: 4
	index: 0, handler: __TI_zero_init


GLOBAL SYMBOLS: SORTED ALPHABETICALLY BY Name 

address   name                          
-------   ----                          
00000b15  C$$EXIT                       
000009f9  OutCRLF                       
0000097d  PLL_Init                      
00000b05  ResetISR                      
000003a5  UART5_FinalOutUHex            
0000044f  UART5_InChar                  
00000463  UART5_InString                
00000433  UART5_OutChar                 
0000040f  UART5_OutString               
000003b7  UART5_OutUHex                 
000003f3  UART5_Transmitter             
000004dd  UART_InChar                   
0000076d  UART_InString                 
00000571  UART_InUDec                   
00000665  UART_InUHex                   
0000026d  UART_Init                     
000004f1  UART_OutChar                  
0000050d  UART_OutString                
00000601  UART_OutUDec                  
00000729  UART_OutUHex                  
20000400  __STACK_END                   
00000200  __STACK_SIZE                  
20000400  __STACK_TOP                   
00000b24  __TI_CINIT_Base               
00000b2c  __TI_CINIT_Limit              
00000b20  __TI_Handler_Table_Base       
00000b24  __TI_Handler_Table_Limit      
00000a5d  __TI_auto_init_nobinit_nopinit
ffffffff  __TI_pprof_out_hndl           
ffffffff  __TI_prof_data_size           
ffffffff  __TI_prof_data_start          
00000000  __TI_static_base__            
00000ad5  __TI_zero_init_nomemset       
ffffffff  __binit__                     
ffffffff  __c_args__                    
UNDEFED   __mpu_init                    
20000200  __stack                       
20000000  __start___llvm_prf_cnts       
20000000  __stop___llvm_prf_cnts        
00000aa1  _c_int00_noargs               
UNDEFED   _system_post_cinit            
00000b11  _system_pre_init              
00000b15  abort                         
ffffffff  binit                         
0000091f  crcFast                       
000008a5  crcInit                       
0000081d  crcSlow                       
20000000  crcTable                      
000007e7  delay                         
00000339  encapsulation_sendframe       
00000000  g_pfnVectors                  
00000a09  main                          
00000af1  strlen                        


GLOBAL SYMBOLS: SORTED BY Symbol Address 

address   name                          
-------   ----                          
00000000  __TI_static_base__            
00000000  g_pfnVectors                  
00000200  __STACK_SIZE                  
0000026d  UART_Init                     
00000339  encapsulation_sendframe       
000003a5  UART5_FinalOutUHex            
000003b7  UART5_OutUHex                 
000003f3  UART5_Transmitter             
0000040f  UART5_OutString               
00000433  UART5_OutChar                 
0000044f  UART5_InChar                  
00000463  UART5_InString                
000004dd  UART_InChar                   
000004f1  UART_OutChar                  
0000050d  UART_OutString                
00000571  UART_InUDec                   
00000601  UART_OutUDec                  
00000665  UART_InUHex                   
00000729  UART_OutUHex                  
0000076d  UART_InString                 
000007e7  delay                         
0000081d  crcSlow                       
000008a5  crcInit                       
0000091f  crcFast                       
0000097d  PLL_Init                      
000009f9  OutCRLF                       
00000a09  main                          
00000a5d  __TI_auto_init_nobinit_nopinit
00000aa1  _c_int00_noargs               
00000ad5  __TI_zero_init_nomemset       
00000af1  strlen                        
00000b05  ResetISR                      
00000b11  _system_pre_init              
00000b15  C$$EXIT                       
00000b15  abort                         
00000b20  __TI_Handler_Table_Base       
00000b24  __TI_CINIT_Base               
00000b24  __TI_Handler_Table_Limit      
00000b2c  __TI_CINIT_Limit              
20000000  __start___llvm_prf_cnts       
20000000  __stop___llvm_prf_cnts        
20000000  crcTable                      
20000200  __stack                       
20000400  __STACK_END                   
20000400  __STACK_TOP                   
ffffffff  __TI_pprof_out_hndl           
ffffffff  __TI_prof_data_size           
ffffffff  __TI_prof_data_start          
ffffffff  __binit__                     
ffffffff  __c_args__                    
ffffffff  binit                         
UNDEFED   __mpu_init                    
UNDEFED   _system_post_cinit            

[53 symbols]
